
PROGRAM "F:\monofan\fw\monofan\monofan\bin\Project.abs"

*********************************************************************************************
TARGET SECTION
---------------------------------------------------------------------------------------------
Processor   : Freescale HC08
Memory Model: SMALL
File Format : ELF\DWARF 2.0
Linker      : SmartLinker V-5.0.37 Build 9279, Oct  7 2009

*********************************************************************************************
FILE SECTION
---------------------------------------------------------------------------------------------
Start08.c.o                             Model: SMALL,         Lang: ANSI-C
Cpu.c.o                                 Model: SMALL,         Lang: ANSI-C
Cap1.c.o                                Model: SMALL,         Lang: ANSI-C
IO_Map.c.o                              Model: SMALL,         Lang: ANSI-C
Vectors.c.o                             Model: SMALL,         Lang: ANSI-C
Events.c.o                              Model: SMALL,         Lang: ANSI-C
monofan.c.o                             Model: SMALL,         Lang: ANSI-C
TI1.c.o                                 Model: SMALL,         Lang: ANSI-C
EInt1.c.o                               Model: SMALL,         Lang: ANSI-C

*********************************************************************************************
STARTUP SECTION
---------------------------------------------------------------------------------------------
Entry point: 0xE004 (_EntryPoint)
_startupData is allocated at 0xE087 and uses 6 Bytes
extern struct _tagStartup {
  unsigned nofZeroOut     1
  _Range   pZeroOut       0xA0     12
  _Copy    *toCopyDownBeg 0xE413
} _startupData;

*********************************************************************************************
SECTION-ALLOCATION SECTION
Section Name                    Size  Type     From       To       Segment
---------------------------------------------------------------------------------------------
.text                            380     R     0xE095     0xE210   ROM
.rodata                          514     R     0xE211     0xE412   ROM
.abs_section_ffbd                  1     R     0xFFBD     0xFFBD   .absSeg0
.abs_section_ffbf                  1     R     0xFFBF     0xFFBF   .absSeg1
.abs_section_0                     1   N/I        0x0        0x0   .absSeg2
.abs_section_1                     1   N/I        0x1        0x1   .absSeg3
.abs_section_2                     1   N/I        0x2        0x2   .absSeg4
.abs_section_3                     1   N/I        0x3        0x3   .absSeg5
.abs_section_4                     1   N/I        0x4        0x4   .absSeg6
.abs_section_5                     1   N/I        0x5        0x5   .absSeg7
.abs_section_e                     1   N/I        0xE        0xE   .absSeg8
.abs_section_10                    1   N/I       0x10       0x10   .absSeg9
.abs_section_11                    1   N/I       0x11       0x11   .absSeg10
.abs_section_16                    1   N/I       0x16       0x16   .absSeg11
.abs_section_17                    1   N/I       0x17       0x17   .absSeg12
.abs_section_18                    1   N/I       0x18       0x18   .absSeg13
.abs_section_1a                    1   N/I       0x1A       0x1A   .absSeg14
.abs_section_1c                    1   N/I       0x1C       0x1C   .absSeg15
.abs_section_1d                    1   N/I       0x1D       0x1D   .absSeg16
.abs_section_1e                    1   N/I       0x1E       0x1E   .absSeg17
.abs_section_1f                    1   N/I       0x1F       0x1F   .absSeg18
.abs_section_20                    1   N/I       0x20       0x20   .absSeg19
.abs_section_25                    1   N/I       0x25       0x25   .absSeg20
.abs_section_28                    1   N/I       0x28       0x28   .absSeg21
.abs_section_3a                    1   N/I       0x3A       0x3A   .absSeg22
.abs_section_3b                    1   N/I       0x3B       0x3B   .absSeg23
.abs_section_3c                    1   N/I       0x3C       0x3C   .absSeg24
.abs_section_3d                    1   N/I       0x3D       0x3D   .absSeg25
.abs_section_3e                    1   N/I       0x3E       0x3E   .absSeg26
.abs_section_3f                    1   N/I       0x3F       0x3F   .absSeg27
.abs_section_48                    1   N/I       0x48       0x48   .absSeg28
.abs_section_49                    1   N/I       0x49       0x49   .absSeg29
.abs_section_4a                    1   N/I       0x4A       0x4A   .absSeg30
.abs_section_4b                    1   N/I       0x4B       0x4B   .absSeg31
.abs_section_50                    1   N/I       0x50       0x50   .absSeg32
.abs_section_51                    1   N/I       0x51       0x51   .absSeg33
.abs_section_52                    1   N/I       0x52       0x52   .absSeg34
.abs_section_53                    1   N/I       0x53       0x53   .absSeg35
.abs_section_55                    1   N/I       0x55       0x55   .absSeg36
.abs_section_58                    1   N/I       0x58       0x58   .absSeg37
.abs_section_59                    1   N/I       0x59       0x59   .absSeg38
.abs_section_5a                    1   N/I       0x5A       0x5A   .absSeg39
.abs_section_5b                    1   N/I       0x5B       0x5B   .absSeg40
.abs_section_5c                    1   N/I       0x5C       0x5C   .absSeg41
.abs_section_5d                    1   N/I       0x5D       0x5D   .absSeg42
.abs_section_60                    1   N/I       0x60       0x60   .absSeg43
.abs_section_65                    1   N/I       0x65       0x65   .absSeg44
.abs_section_68                    1   N/I       0x68       0x68   .absSeg45
.abs_section_6c                    1   N/I       0x6C       0x6C   .absSeg46
.abs_section_6d                    1   N/I       0x6D       0x6D   .absSeg47
.abs_section_6e                    1   N/I       0x6E       0x6E   .absSeg48
.abs_section_1800                  1   N/I     0x1800     0x1800   .absSeg49
.abs_section_1801                  1   N/I     0x1801     0x1801   .absSeg50
.abs_section_1802                  1   N/I     0x1802     0x1802   .absSeg51
.abs_section_1803                  1   N/I     0x1803     0x1803   .absSeg52
.abs_section_1809                  1   N/I     0x1809     0x1809   .absSeg53
.abs_section_180a                  1   N/I     0x180A     0x180A   .absSeg54
.abs_section_1816                  1   N/I     0x1816     0x1816   .absSeg55
.abs_section_1817                  1   N/I     0x1817     0x1817   .absSeg56
.abs_section_1818                  1   N/I     0x1818     0x1818   .absSeg57
.abs_section_1820                  1   N/I     0x1820     0x1820   .absSeg58
.abs_section_1821                  1   N/I     0x1821     0x1821   .absSeg59
.abs_section_1823                  1   N/I     0x1823     0x1823   .absSeg60
.abs_section_1824                  1   N/I     0x1824     0x1824   .absSeg61
.abs_section_1825                  1   N/I     0x1825     0x1825   .absSeg62
.abs_section_1826                  1   N/I     0x1826     0x1826   .absSeg63
.abs_section_1840                  1   N/I     0x1840     0x1840   .absSeg64
.abs_section_1841                  1   N/I     0x1841     0x1841   .absSeg65
.abs_section_1842                  1   N/I     0x1842     0x1842   .absSeg66
.abs_section_1844                  1   N/I     0x1844     0x1844   .absSeg67
.abs_section_1845                  1   N/I     0x1845     0x1845   .absSeg68
.abs_section_1846                  1   N/I     0x1846     0x1846   .absSeg69
.abs_section_1848                  1   N/I     0x1848     0x1848   .absSeg70
.abs_section_1849                  1   N/I     0x1849     0x1849   .absSeg71
.abs_section_184a                  1   N/I     0x184A     0x184A   .absSeg72
.abs_section_184c                  1   N/I     0x184C     0x184C   .absSeg73
.abs_section_184d                  1   N/I     0x184D     0x184D   .absSeg74
.abs_section_184e                  1   N/I     0x184E     0x184E   .absSeg75
.abs_section_1850                  1   N/I     0x1850     0x1850   .absSeg76
.abs_section_1851                  1   N/I     0x1851     0x1851   .absSeg77
.abs_section_1852                  1   N/I     0x1852     0x1852   .absSeg78
.abs_section_1853                  1   N/I     0x1853     0x1853   .absSeg79
.abs_section_12                    2   N/I       0x12       0x13   .absSeg80
.abs_section_14                    2   N/I       0x14       0x15   .absSeg81
.abs_section_21                    2   N/I       0x21       0x22   .absSeg82
.abs_section_23                    2   N/I       0x23       0x24   .absSeg83
.abs_section_26                    2   N/I       0x26       0x27   .absSeg84
.abs_section_29                    2   N/I       0x29       0x2A   .absSeg85
.abs_section_38                    2   N/I       0x38       0x39   .absSeg86
.abs_section_61                    2   N/I       0x61       0x62   .absSeg87
.abs_section_63                    2   N/I       0x63       0x64   .absSeg88
.abs_section_66                    2   N/I       0x66       0x67   .absSeg89
.abs_section_69                    2   N/I       0x69       0x6A   .absSeg90
.abs_section_1806                  2   N/I     0x1806     0x1807   .absSeg91
.abs_section_1810                  2   N/I     0x1810     0x1811   .absSeg92
.abs_section_1812                  2   N/I     0x1812     0x1813   .absSeg93
.abs_section_1814                  2   N/I     0x1814     0x1815   .absSeg94
.abs_section_ffc0                 64     R     0xFFC0     0xFFFF   .absSeg95
.startData                        14     R     0xE087     0xE094   ROM
.init                            135     R     0xE000     0xE086   ROM
.common                           12   R/W       0xA0       0xAB   RAM
.stack                            64   R/W       0xAC       0xEB   RAM
.copy                              2     R     0xE413     0xE414   ROM

Summary of section sizes per section type:
READ_ONLY (R):         457 (dec:     1111)
READ_WRITE (R/W):       4C (dec:       76)
NO_INIT (N/I):          6C (dec:      108)

*********************************************************************************************
VECTOR-ALLOCATION SECTION
    Address     InitValue   InitFunction
---------------------------------------------------------------------------------------------

*********************************************************************************************
OBJECT-ALLOCATION SECTION
     Name               Module                 Addr   hSize   dSize     Ref    Section   RLIB
---------------------------------------------------------------------------------------------
MODULE:                 -- Start08.c.o --
- PROCEDURES:
     loadByte                                  E095       E      14       5   .text       
     Init                                      E0A3      6D     109       1   .text       
     _Startup                                  E110       9       9       1   .text       
- VARIABLES:
     _startupData                              E087       6       6       4   .startData  
- LABELS:
     __SEG_END_SSTACK                            EC       0       0       1               
MODULE:                 -- Cpu.c.o --
- PROCEDURES:
     Cpu_Interrupt                             E000       4       4      28   .init       
     _EntryPoint                               E004      32      50       1   .init       
     PE_low_level_init                         E036      51      81       1   .init       
- VARIABLES:
     NVPROT_INIT                               FFBD       1       1       0   .abs_section_ffbd
     NVOPT_INIT                                FFBF       1       1       0   .abs_section_ffbf
MODULE:                 -- Cap1.c.o --
- PROCEDURES:
     Cap1_Init                                 E119      1C      28       1   .text       
     Cap1_Interrupt                            E135       A      10       1   .text       
- VARIABLES:
MODULE:                 -- IO_Map.c.o --
- PROCEDURES:
- VARIABLES:
     _PTAD                                        0       1       1       0   .abs_section_0
     _PTADD                                       1       1       1       2   .abs_section_1
     _PTBD                                        2       1       1       0   .abs_section_2
     _PTBDD                                       3       1       1       1   .abs_section_3
     _PTCD                                        4       1       1       5   .abs_section_4
     _PTCDD                                       5       1       1       1   .abs_section_5
     _ACMPSC                                      E       1       1       0   .abs_section_e
     _ADCSC1                                     10       1       1       2   .abs_section_10
     _ADCSC2                                     11       1       1       1   .abs_section_11
     _ADCCFG                                     16       1       1       1   .abs_section_16
     _APCTL1                                     17       1       1       0   .abs_section_17
     _APCTL2                                     18       1       1       0   .abs_section_18
     _IRQSC                                      1A       1       1       4   .abs_section_1a
     _MTIMSC                                     1C       1       1       0   .abs_section_1c
     _MTIMCLK                                    1D       1       1       0   .abs_section_1d
     _MTIMCNT                                    1E       1       1       0   .abs_section_1e
     _MTIMMOD                                    1F       1       1       0   .abs_section_1f
     _TPM1SC                                     20       1       1       5   .abs_section_20
     _TPM1C0SC                                   25       1       1       3   .abs_section_25
     _TPM1C1SC                                   28       1       1       0   .abs_section_28
     _SCIC1                                      3A       1       1       0   .abs_section_3a
     _SCIC2                                      3B       1       1       0   .abs_section_3b
     _SCIS1                                      3C       1       1       0   .abs_section_3c
     _SCIS2                                      3D       1       1       0   .abs_section_3d
     _SCIC3                                      3E       1       1       0   .abs_section_3e
     _SCID                                       3F       1       1       0   .abs_section_3f
     _ICSC1                                      48       1       1       1   .abs_section_48
     _ICSC2                                      49       1       1       1   .abs_section_49
     _ICSTRM                                     4A       1       1       1   .abs_section_4a
     _ICSSC                                      4B       1       1       2   .abs_section_4b
     _SPIC1                                      50       1       1       0   .abs_section_50
     _SPIC2                                      51       1       1       0   .abs_section_51
     _SPIBR                                      52       1       1       0   .abs_section_52
     _SPIS                                       53       1       1       0   .abs_section_53
     _SPID                                       55       1       1       0   .abs_section_55
     _IICA                                       58       1       1       0   .abs_section_58
     _IICF                                       59       1       1       0   .abs_section_59
     _IICC1                                      5A       1       1       0   .abs_section_5a
     _IICS                                       5B       1       1       0   .abs_section_5b
     _IICD                                       5C       1       1       0   .abs_section_5c
     _IICC2                                      5D       1       1       0   .abs_section_5d
     _TPM2SC                                     60       1       1       0   .abs_section_60
     _TPM2C0SC                                   65       1       1       0   .abs_section_65
     _TPM2C1SC                                   68       1       1       0   .abs_section_68
     _RTCSC                                      6C       1       1       3   .abs_section_6c
     _RTCCNT                                     6D       1       1       0   .abs_section_6d
     _RTCMOD                                     6E       1       1       3   .abs_section_6e
     _SRS                                      1800       1       1       0   .abs_section_1800
     _SBDFR                                    1801       1       1       0   .abs_section_1801
     _SOPT1                                    1802       1       1       1   .abs_section_1802
     _SOPT2                                    1803       1       1       1   .abs_section_1803
     _SPMSC1                                   1809       1       1       1   .abs_section_1809
     _SPMSC2                                   180A       1       1       1   .abs_section_180a
     _DBGC                                     1816       1       1       0   .abs_section_1816
     _DBGT                                     1817       1       1       0   .abs_section_1817
     _DBGS                                     1818       1       1       0   .abs_section_1818
     _FCDIV                                    1820       1       1       0   .abs_section_1820
     _FOPT                                     1821       1       1       0   .abs_section_1821
     _FCNFG                                    1823       1       1       0   .abs_section_1823
     _FPROT                                    1824       1       1       0   .abs_section_1824
     _FSTAT                                    1825       1       1       0   .abs_section_1825
     _FCMD                                     1826       1       1       0   .abs_section_1826
     _PTAPE                                    1840       1       1       1   .abs_section_1840
     _PTASE                                    1841       1       1       1   .abs_section_1841
     _PTADS                                    1842       1       1       1   .abs_section_1842
     _PTASC                                    1844       1       1       0   .abs_section_1844
     _PTAPS                                    1845       1       1       0   .abs_section_1845
     _PTAES                                    1846       1       1       0   .abs_section_1846
     _PTBPE                                    1848       1       1       1   .abs_section_1848
     _PTBSE                                    1849       1       1       1   .abs_section_1849
     _PTBDS                                    184A       1       1       1   .abs_section_184a
     _PTBSC                                    184C       1       1       0   .abs_section_184c
     _PTBPS                                    184D       1       1       0   .abs_section_184d
     _PTBES                                    184E       1       1       0   .abs_section_184e
     _PTCPE                                    1850       1       1       1   .abs_section_1850
     _PTCSE                                    1851       1       1       1   .abs_section_1851
     _PTCDS                                    1852       1       1       1   .abs_section_1852
     _GNGC                                     1853       1       1       1   .abs_section_1853
     _ADCR                                       12       2       2       2   .abs_section_12
     _ADCCV                                      14       2       2       0   .abs_section_14
     _TPM1CNT                                    21       2       2       1   .abs_section_21
     _TPM1MOD                                    23       2       2       1   .abs_section_23
     _TPM1C0V                                    26       2       2       1   .abs_section_26
     _TPM1C1V                                    29       2       2       0   .abs_section_29
     _SCIBD                                      38       2       2       0   .abs_section_38
     _TPM2CNT                                    61       2       2       0   .abs_section_61
     _TPM2MOD                                    63       2       2       0   .abs_section_63
     _TPM2C0V                                    66       2       2       0   .abs_section_66
     _TPM2C1V                                    69       2       2       0   .abs_section_69
     _SDID                                     1806       2       2       0   .abs_section_1806
     _DBGCA                                    1810       2       2       0   .abs_section_1810
     _DBGCB                                    1812       2       2       0   .abs_section_1812
     _DBGF                                     1814       2       2       0   .abs_section_1814
MODULE:                 -- Vectors.c.o --
- PROCEDURES:
- VARIABLES:
     _vect                                     FFC0      40      64       0   .abs_section_ffc0
MODULE:                 -- Events.c.o --
- PROCEDURES:
     Cap1_OnCapture                            E13F       6       6       1   .text       
     TI1_OnInterrupt                           E145      11      17       1   .text       
     EInt1_OnInterrupt                         E156       3       3       1   .text       
- VARIABLES:
MODULE:                 -- monofan.c.o --
- PROCEDURES:
     main                                      E159      28      40       1   .text       
     ReadInput                                 E181      2B      43       1   .text       
     SetDisp                                   E1AC      2C      44       1   .text       
     Delay1s                                   E1D8      1E      30       1   .text       
- VARIABLES:
     temp                                      E211     202     514       1   .rodata     
     zc                                          A0       1       1       3   .common     
     ticks                                       A1       2       2       5   .common     
     actual                                      A3       2       2       2   .common     
     seg                                         A5       2       2       3   .common     
     mode                                        A7       1       1       1   .common     
     AD1_OutV                                    A8       2       2       4   .common     
     interm                                      AA       2       2       3   .common     
MODULE:                 -- TI1.c.o --
- PROCEDURES:
     TI1_Init                                  E1F6       B      11       1   .text       
     TI1_Interrupt                             E201       8       8       1   .text       
- VARIABLES:
MODULE:                 -- EInt1.c.o --
- PROCEDURES:
     EInt1_Interrupt                           E209       8       8       1   .text       
- VARIABLES:

*********************************************************************************************
MODULE STATISTIC
  Name                                      Data   Code  Const
---------------------------------------------------------------------------------------------
  Start08.c.o                                  0    132      0
  Cpu.c.o                                      0    135      2
  Cap1.c.o                                     0     38      0
  IO_Map.c.o                                 108      0      0
  Vectors.c.o                                  0      0     64
  Events.c.o                                   0     26      0
  monofan.c.o                                 12    157    514
  TI1.c.o                                      0     19      0
  EInt1.c.o                                    0      8      0
  other                                       64     14      2

*********************************************************************************************
SECTION USE IN OBJECT-ALLOCATION SECTION
---------------------------------------------------------------------------------------------
SECTION: ".text"
  loadByte Init _Startup Cap1_Init Cap1_Interrupt Cap1_OnCapture 
  TI1_OnInterrupt EInt1_OnInterrupt main ReadInput SetDisp Delay1s TI1_Init 
  TI1_Interrupt EInt1_Interrupt 
SECTION: ".init"
  Cpu_Interrupt _EntryPoint PE_low_level_init 
SECTION: ".rodata"
  temp 
SECTION: ".common"
  zc ticks actual seg mode AD1_OutV interm 
SECTION: ".abs_section_ffbd"
  NVPROT_INIT 
SECTION: ".abs_section_ffbf"
  NVOPT_INIT 
SECTION: ".abs_section_0"
  _PTAD 
SECTION: ".abs_section_1"
  _PTADD 
SECTION: ".abs_section_2"
  _PTBD 
SECTION: ".abs_section_3"
  _PTBDD 
SECTION: ".abs_section_4"
  _PTCD 
SECTION: ".abs_section_5"
  _PTCDD 
SECTION: ".abs_section_e"
  _ACMPSC 
SECTION: ".abs_section_10"
  _ADCSC1 
SECTION: ".abs_section_11"
  _ADCSC2 
SECTION: ".abs_section_16"
  _ADCCFG 
SECTION: ".abs_section_17"
  _APCTL1 
SECTION: ".abs_section_18"
  _APCTL2 
SECTION: ".abs_section_1a"
  _IRQSC 
SECTION: ".abs_section_1c"
  _MTIMSC 
SECTION: ".abs_section_1d"
  _MTIMCLK 
SECTION: ".abs_section_1e"
  _MTIMCNT 
SECTION: ".abs_section_1f"
  _MTIMMOD 
SECTION: ".abs_section_20"
  _TPM1SC 
SECTION: ".abs_section_25"
  _TPM1C0SC 
SECTION: ".abs_section_28"
  _TPM1C1SC 
SECTION: ".abs_section_3a"
  _SCIC1 
SECTION: ".abs_section_3b"
  _SCIC2 
SECTION: ".abs_section_3c"
  _SCIS1 
SECTION: ".abs_section_3d"
  _SCIS2 
SECTION: ".abs_section_3e"
  _SCIC3 
SECTION: ".abs_section_3f"
  _SCID 
SECTION: ".abs_section_48"
  _ICSC1 
SECTION: ".abs_section_49"
  _ICSC2 
SECTION: ".abs_section_4a"
  _ICSTRM 
SECTION: ".abs_section_4b"
  _ICSSC 
SECTION: ".abs_section_50"
  _SPIC1 
SECTION: ".abs_section_51"
  _SPIC2 
SECTION: ".abs_section_52"
  _SPIBR 
SECTION: ".abs_section_53"
  _SPIS 
SECTION: ".abs_section_55"
  _SPID 
SECTION: ".abs_section_58"
  _IICA 
SECTION: ".abs_section_59"
  _IICF 
SECTION: ".abs_section_5a"
  _IICC1 
SECTION: ".abs_section_5b"
  _IICS 
SECTION: ".abs_section_5c"
  _IICD 
SECTION: ".abs_section_5d"
  _IICC2 
SECTION: ".abs_section_60"
  _TPM2SC 
SECTION: ".abs_section_65"
  _TPM2C0SC 
SECTION: ".abs_section_68"
  _TPM2C1SC 
SECTION: ".abs_section_6c"
  _RTCSC 
SECTION: ".abs_section_6d"
  _RTCCNT 
SECTION: ".abs_section_6e"
  _RTCMOD 
SECTION: ".abs_section_1800"
  _SRS 
SECTION: ".abs_section_1801"
  _SBDFR 
SECTION: ".abs_section_1802"
  _SOPT1 
SECTION: ".abs_section_1803"
  _SOPT2 
SECTION: ".abs_section_1809"
  _SPMSC1 
SECTION: ".abs_section_180a"
  _SPMSC2 
SECTION: ".abs_section_1816"
  _DBGC 
SECTION: ".abs_section_1817"
  _DBGT 
SECTION: ".abs_section_1818"
  _DBGS 
SECTION: ".abs_section_1820"
  _FCDIV 
SECTION: ".abs_section_1821"
  _FOPT 
SECTION: ".abs_section_1823"
  _FCNFG 
SECTION: ".abs_section_1824"
  _FPROT 
SECTION: ".abs_section_1825"
  _FSTAT 
SECTION: ".abs_section_1826"
  _FCMD 
SECTION: ".abs_section_1840"
  _PTAPE 
SECTION: ".abs_section_1841"
  _PTASE 
SECTION: ".abs_section_1842"
  _PTADS 
SECTION: ".abs_section_1844"
  _PTASC 
SECTION: ".abs_section_1845"
  _PTAPS 
SECTION: ".abs_section_1846"
  _PTAES 
SECTION: ".abs_section_1848"
  _PTBPE 
SECTION: ".abs_section_1849"
  _PTBSE 
SECTION: ".abs_section_184a"
  _PTBDS 
SECTION: ".abs_section_184c"
  _PTBSC 
SECTION: ".abs_section_184d"
  _PTBPS 
SECTION: ".abs_section_184e"
  _PTBES 
SECTION: ".abs_section_1850"
  _PTCPE 
SECTION: ".abs_section_1851"
  _PTCSE 
SECTION: ".abs_section_1852"
  _PTCDS 
SECTION: ".abs_section_1853"
  _GNGC 
SECTION: ".abs_section_12"
  _ADCR 
SECTION: ".abs_section_14"
  _ADCCV 
SECTION: ".abs_section_21"
  _TPM1CNT 
SECTION: ".abs_section_23"
  _TPM1MOD 
SECTION: ".abs_section_26"
  _TPM1C0V 
SECTION: ".abs_section_29"
  _TPM1C1V 
SECTION: ".abs_section_38"
  _SCIBD 
SECTION: ".abs_section_61"
  _TPM2CNT 
SECTION: ".abs_section_63"
  _TPM2MOD 
SECTION: ".abs_section_66"
  _TPM2C0V 
SECTION: ".abs_section_69"
  _TPM2C1V 
SECTION: ".abs_section_1806"
  _SDID 
SECTION: ".abs_section_1810"
  _DBGCA 
SECTION: ".abs_section_1812"
  _DBGCB 
SECTION: ".abs_section_1814"
  _DBGF 
SECTION: ".abs_section_ffc0"
  _vect 

*********************************************************************************************
OBJECT LIST SORTED BY ADDRESS
     Name                                      Addr   hSize   dSize     Ref    Section   RLIB
---------------------------------------------------------------------------------------------
     _PTAD                                        0       1       1       0   .abs_section_0
     _PTADD                                       1       1       1       2   .abs_section_1
     _PTBD                                        2       1       1       0   .abs_section_2
     _PTBDD                                       3       1       1       1   .abs_section_3
     _PTCD                                        4       1       1       5   .abs_section_4
     _PTCDD                                       5       1       1       1   .abs_section_5
     _ACMPSC                                      E       1       1       0   .abs_section_e
     _ADCSC1                                     10       1       1       2   .abs_section_10
     _ADCSC2                                     11       1       1       1   .abs_section_11
     _ADCR                                       12       2       2       2   .abs_section_12
     _ADCCV                                      14       2       2       0   .abs_section_14
     _ADCCFG                                     16       1       1       1   .abs_section_16
     _APCTL1                                     17       1       1       0   .abs_section_17
     _APCTL2                                     18       1       1       0   .abs_section_18
     _IRQSC                                      1A       1       1       4   .abs_section_1a
     _MTIMSC                                     1C       1       1       0   .abs_section_1c
     _MTIMCLK                                    1D       1       1       0   .abs_section_1d
     _MTIMCNT                                    1E       1       1       0   .abs_section_1e
     _MTIMMOD                                    1F       1       1       0   .abs_section_1f
     _TPM1SC                                     20       1       1       5   .abs_section_20
     _TPM1CNT                                    21       2       2       1   .abs_section_21
     _TPM1MOD                                    23       2       2       1   .abs_section_23
     _TPM1C0SC                                   25       1       1       3   .abs_section_25
     _TPM1C0V                                    26       2       2       1   .abs_section_26
     _TPM1C1SC                                   28       1       1       0   .abs_section_28
     _TPM1C1V                                    29       2       2       0   .abs_section_29
     _SCIBD                                      38       2       2       0   .abs_section_38
     _SCIC1                                      3A       1       1       0   .abs_section_3a
     _SCIC2                                      3B       1       1       0   .abs_section_3b
     _SCIS1                                      3C       1       1       0   .abs_section_3c
     _SCIS2                                      3D       1       1       0   .abs_section_3d
     _SCIC3                                      3E       1       1       0   .abs_section_3e
     _SCID                                       3F       1       1       0   .abs_section_3f
     _ICSC1                                      48       1       1       1   .abs_section_48
     _ICSC2                                      49       1       1       1   .abs_section_49
     _ICSTRM                                     4A       1       1       1   .abs_section_4a
     _ICSSC                                      4B       1       1       2   .abs_section_4b
     _SPIC1                                      50       1       1       0   .abs_section_50
     _SPIC2                                      51       1       1       0   .abs_section_51
     _SPIBR                                      52       1       1       0   .abs_section_52
     _SPIS                                       53       1       1       0   .abs_section_53
     _SPID                                       55       1       1       0   .abs_section_55
     _IICA                                       58       1       1       0   .abs_section_58
     _IICF                                       59       1       1       0   .abs_section_59
     _IICC1                                      5A       1       1       0   .abs_section_5a
     _IICS                                       5B       1       1       0   .abs_section_5b
     _IICD                                       5C       1       1       0   .abs_section_5c
     _IICC2                                      5D       1       1       0   .abs_section_5d
     _TPM2SC                                     60       1       1       0   .abs_section_60
     _TPM2CNT                                    61       2       2       0   .abs_section_61
     _TPM2MOD                                    63       2       2       0   .abs_section_63
     _TPM2C0SC                                   65       1       1       0   .abs_section_65
     _TPM2C0V                                    66       2       2       0   .abs_section_66
     _TPM2C1SC                                   68       1       1       0   .abs_section_68
     _TPM2C1V                                    69       2       2       0   .abs_section_69
     _RTCSC                                      6C       1       1       3   .abs_section_6c
     _RTCCNT                                     6D       1       1       0   .abs_section_6d
     _RTCMOD                                     6E       1       1       3   .abs_section_6e
     zc                                          A0       1       1       3   .common     
     ticks                                       A1       2       2       5   .common     
     actual                                      A3       2       2       2   .common     
     seg                                         A5       2       2       3   .common     
     mode                                        A7       1       1       1   .common     
     AD1_OutV                                    A8       2       2       4   .common     
     interm                                      AA       2       2       3   .common     
     _SRS                                      1800       1       1       0   .abs_section_1800
     _SBDFR                                    1801       1       1       0   .abs_section_1801
     _SOPT1                                    1802       1       1       1   .abs_section_1802
     _SOPT2                                    1803       1       1       1   .abs_section_1803
     _SDID                                     1806       2       2       0   .abs_section_1806
     _SPMSC1                                   1809       1       1       1   .abs_section_1809
     _SPMSC2                                   180A       1       1       1   .abs_section_180a
     _DBGCA                                    1810       2       2       0   .abs_section_1810
     _DBGCB                                    1812       2       2       0   .abs_section_1812
     _DBGF                                     1814       2       2       0   .abs_section_1814
     _DBGC                                     1816       1       1       0   .abs_section_1816
     _DBGT                                     1817       1       1       0   .abs_section_1817
     _DBGS                                     1818       1       1       0   .abs_section_1818
     _FCDIV                                    1820       1       1       0   .abs_section_1820
     _FOPT                                     1821       1       1       0   .abs_section_1821
     _FCNFG                                    1823       1       1       0   .abs_section_1823
     _FPROT                                    1824       1       1       0   .abs_section_1824
     _FSTAT                                    1825       1       1       0   .abs_section_1825
     _FCMD                                     1826       1       1       0   .abs_section_1826
     _PTAPE                                    1840       1       1       1   .abs_section_1840
     _PTASE                                    1841       1       1       1   .abs_section_1841
     _PTADS                                    1842       1       1       1   .abs_section_1842
     _PTASC                                    1844       1       1       0   .abs_section_1844
     _PTAPS                                    1845       1       1       0   .abs_section_1845
     _PTAES                                    1846       1       1       0   .abs_section_1846
     _PTBPE                                    1848       1       1       1   .abs_section_1848
     _PTBSE                                    1849       1       1       1   .abs_section_1849
     _PTBDS                                    184A       1       1       1   .abs_section_184a
     _PTBSC                                    184C       1       1       0   .abs_section_184c
     _PTBPS                                    184D       1       1       0   .abs_section_184d
     _PTBES                                    184E       1       1       0   .abs_section_184e
     _PTCPE                                    1850       1       1       1   .abs_section_1850
     _PTCSE                                    1851       1       1       1   .abs_section_1851
     _PTCDS                                    1852       1       1       1   .abs_section_1852
     _GNGC                                     1853       1       1       1   .abs_section_1853
     Cpu_Interrupt                             E000       4       4      28   .init       
     _EntryPoint                               E004      32      50       1   .init       
     PE_low_level_init                         E036      51      81       1   .init       
     loadByte                                  E095       E      14       5   .text       
     Init                                      E0A3      6D     109       1   .text       
     _Startup                                  E110       9       9       1   .text       
     Cap1_Init                                 E119      1C      28       1   .text       
     Cap1_Interrupt                            E135       A      10       1   .text       
     Cap1_OnCapture                            E13F       6       6       1   .text       
     TI1_OnInterrupt                           E145      11      17       1   .text       
     EInt1_OnInterrupt                         E156       3       3       1   .text       
     main                                      E159      28      40       1   .text       
     ReadInput                                 E181      2B      43       1   .text       
     SetDisp                                   E1AC      2C      44       1   .text       
     Delay1s                                   E1D8      1E      30       1   .text       
     TI1_Init                                  E1F6       B      11       1   .text       
     TI1_Interrupt                             E201       8       8       1   .text       
     EInt1_Interrupt                           E209       8       8       1   .text       
     temp                                      E211     202     514       1   .rodata     
     NVPROT_INIT                               FFBD       1       1       0   .abs_section_ffbd
     NVOPT_INIT                                FFBF       1       1       0   .abs_section_ffbf
     _vect                                     FFC0      40      64       0   .abs_section_ffc0

*********************************************************************************************
UNUSED-OBJECTS SECTION
---------------------------------------------------------------------------------------------
NOT USED PROCEDURES
Events.c.o:
  AD1_OnEnd 
monofan.c.o:
  ReadSetPoint ReadMode 
NOT USED VARIABLES
Cpu.c.o:
  CCR_reg 

*********************************************************************************************
COPYDOWN SECTION
---------------------------------------------------------------------------------------------
------- ROM-ADDRESS: 0xE413 ---- SIZE       2 ---
Filling bytes inserted
 0000

*********************************************************************************************
OBJECT-DEPENDENCIES SECTION
---------------------------------------------------------------------------------------------
_EntryPoint               USES _SOPT1 _SOPT2 _SPMSC1 _SPMSC2 _ICSTRM _ICSSC 
                                _ICSC1 _ICSC2 _GNGC _Startup 
PE_low_level_init         USES _PTCD _PTCPE _PTCDD _PTAPE _PTADD _PTBPE _PTBDD 
                                _PTASE _PTBSE _PTCSE _PTADS _PTBDS _PTCDS Cap1_Init 
                                TI1_Init _IRQSC 
Init                      USES _startupData loadByte 
_Startup                  USES __SEG_END_SSTACK Init main 
Cap1_Init                 USES _TPM1SC _TPM1MOD _TPM1CNT _TPM1C0V _TPM1C0SC 
Cap1_Interrupt            USES _TPM1C0SC Cap1_OnCapture 
Cap1_OnCapture            USES zc 
TI1_OnInterrupt           USES ticks seg 
EInt1_OnInterrupt         USES _PTCD 
main                      USES PE_low_level_init mode _PTCD Delay1s interm 
                                ReadInput temp SetDisp 
ReadInput                 USES _ADCCFG _ADCSC1 _ADCSC2 _ADCR AD1_OutV 
SetDisp                   USES zc ticks _PTCD actual 
Delay1s                   USES seg 
TI1_Init                  USES _RTCSC _RTCMOD 
TI1_Interrupt             USES _RTCSC TI1_OnInterrupt 
EInt1_Interrupt           USES _IRQSC EInt1_OnInterrupt 
_vect                     USES Cpu_Interrupt TI1_Interrupt Cap1_Interrupt 
                                EInt1_Interrupt _EntryPoint 

*********************************************************************************************
DEPENDENCY TREE
*********************************************************************************************
 main and _Startup Group
 | 
 +- main                
 |  | 
 |  +- PE_low_level_init   
 |  |  | 
 |  |  +- Cap1_Init           
 |  |  |    
 |  |  +- TI1_Init            
 |  |       
 |  +- Delay1s             
 |  |    
 |  +- ReadInput           
 |  |    
 |  +- SetDisp             
 |       
 +- _EntryPoint         
    | 
    +- _Startup            
       | 
       +- Init                
       |  | 
       |  +- loadByte            
       |       
       +- main                 (see above)
          
 _vect               
 | 
 +- Cpu_Interrupt       
 |    
 +- TI1_Interrupt       
 |  | 
 |  +- TI1_OnInterrupt     
 |       
 +- Cap1_Interrupt      
 |  | 
 |  +- Cap1_OnCapture      
 |       
 +- EInt1_Interrupt     
 |  | 
 |  +- EInt1_OnInterrupt   
 |       
 +- _EntryPoint          (see above)
    
*********************************************************************************************
STATISTIC SECTION
---------------------------------------------------------------------------------------------

ExeFile:
--------
Number of blocks to be downloaded: 7
Total size of all blocks to be downloaded: 1111

